// Jest Snapshot v1, https://goo.gl/fbAQLP

exports[`<Calculator /> should render 1`] = `
<div
  className="calculator"
>
  <CalculatorDisplay
    value="0"
  />
  <div
    className="calculator-keypad"
  >
    <div
      className="input-keys"
    >
      <div
        className="function-keys"
      >
        <CalculatorKey
          className="key-clear"
          keyValue="AC"
          onClick={[Function]}
        />
        <CalculatorKey
          className="key-sign"
          keyValue="±"
          onClick={[Function]}
        />
        <CalculatorKey
          className="key-percent"
          keyValue="%"
          onClick={[Function]}
        />
      </div>
      <div
        className="digit-keys"
      >
        <CalculatorKey
          className="key-7"
          key="key-7"
          keyValue="7"
          onClick={[Function]}
        />
        <CalculatorKey
          className="key-8"
          key="key-8"
          keyValue="8"
          onClick={[Function]}
        />
        <CalculatorKey
          className="key-9"
          key="key-9"
          keyValue="9"
          onClick={[Function]}
        />
        <CalculatorKey
          className="key-4"
          key="key-4"
          keyValue="4"
          onClick={[Function]}
        />
        <CalculatorKey
          className="key-5"
          key="key-5"
          keyValue="5"
          onClick={[Function]}
        />
        <CalculatorKey
          className="key-6"
          key="key-6"
          keyValue="6"
          onClick={[Function]}
        />
        <CalculatorKey
          className="key-1"
          key="key-1"
          keyValue="1"
          onClick={[Function]}
        />
        <CalculatorKey
          className="key-2"
          key="key-2"
          keyValue="2"
          onClick={[Function]}
        />
        <CalculatorKey
          className="key-3"
          key="key-3"
          keyValue="3"
          onClick={[Function]}
        />
        <CalculatorKey
          className="key-0"
          key="key-0"
          keyValue="0"
          onClick={[Function]}
        />
        <CalculatorKey
          className="key-dot"
          keyValue="●"
          onClick={[Function]}
        />
      </div>
    </div>
    <div
      className="operator-keys"
    >
      <CalculatorKey
        className="key-divide"
        key="key-divide"
        keyValue="÷"
        onClick={[Function]}
      />
      <CalculatorKey
        className="key-multiply"
        key="key-multiply"
        keyValue="×"
        onClick={[Function]}
      />
      <CalculatorKey
        className="key-subtract"
        key="key-subtract"
        keyValue="−"
        onClick={[Function]}
      />
      <CalculatorKey
        className="key-add"
        key="key-add"
        keyValue="+"
        onClick={[Function]}
      />
      <CalculatorKey
        className="key-equals"
        key="key-equals"
        keyValue="="
        onClick={[Function]}
      />
      <CalculatorKey
        className="key-enter"
        key="key-enter"
        keyValue="="
        onClick={[Function]}
      />
    </div>
  </div>
</div>
`;
